2023-03-23 10:28:48 [   DEBUG] Looking for locale `en_US` in provider `faker.providers.address`. (factory.py:78)
2023-03-23 10:28:48 [   DEBUG] Provider `faker.providers.address` has been localized to `en_US`. (factory.py:97)
2023-03-23 10:28:48 [   DEBUG] Looking for locale `en_US` in provider `faker.providers.automotive`. (factory.py:78)
2023-03-23 10:28:48 [   DEBUG] Provider `faker.providers.automotive` has been localized to `en_US`. (factory.py:97)
2023-03-23 10:28:48 [   DEBUG] Looking for locale `en_US` in provider `faker.providers.bank`. (factory.py:78)
2023-03-23 10:28:48 [   DEBUG] Specified locale `en_US` is not available for provider `faker.providers.bank`. Locale reset to `en_GB` for this provider. (factory.py:88)
2023-03-23 10:28:48 [   DEBUG] Looking for locale `en_US` in provider `faker.providers.barcode`. (factory.py:78)
2023-03-23 10:28:48 [   DEBUG] Provider `faker.providers.barcode` has been localized to `en_US`. (factory.py:97)
2023-03-23 10:28:48 [   DEBUG] Looking for locale `en_US` in provider `faker.providers.color`. (factory.py:78)
2023-03-23 10:28:48 [   DEBUG] Provider `faker.providers.color` has been localized to `en_US`. (factory.py:97)
2023-03-23 10:28:48 [   DEBUG] Looking for locale `en_US` in provider `faker.providers.company`. (factory.py:78)
2023-03-23 10:28:48 [   DEBUG] Provider `faker.providers.company` has been localized to `en_US`. (factory.py:97)
2023-03-23 10:28:48 [   DEBUG] Looking for locale `en_US` in provider `faker.providers.credit_card`. (factory.py:78)
2023-03-23 10:28:48 [   DEBUG] Provider `faker.providers.credit_card` has been localized to `en_US`. (factory.py:97)
2023-03-23 10:28:48 [   DEBUG] Looking for locale `en_US` in provider `faker.providers.currency`. (factory.py:78)
2023-03-23 10:28:48 [   DEBUG] Provider `faker.providers.currency` has been localized to `en_US`. (factory.py:97)
2023-03-23 10:28:48 [   DEBUG] Looking for locale `en_US` in provider `faker.providers.date_time`. (factory.py:78)
2023-03-23 10:28:48 [   DEBUG] Provider `faker.providers.date_time` has been localized to `en_US`. (factory.py:97)
2023-03-23 10:28:48 [   DEBUG] Provider `faker.providers.file` does not feature localization. Specified locale `en_US` is not utilized for this provider. (factory.py:109)
2023-03-23 10:28:48 [   DEBUG] Looking for locale `en_US` in provider `faker.providers.geo`. (factory.py:78)
2023-03-23 10:28:48 [   DEBUG] Provider `faker.providers.geo` has been localized to `en_US`. (factory.py:97)
2023-03-23 10:28:48 [   DEBUG] Looking for locale `en_US` in provider `faker.providers.internet`. (factory.py:78)
2023-03-23 10:28:48 [   DEBUG] Provider `faker.providers.internet` has been localized to `en_US`. (factory.py:97)
2023-03-23 10:28:48 [   DEBUG] Provider `faker.providers.isbn` does not feature localization. Specified locale `en_US` is not utilized for this provider. (factory.py:109)
2023-03-23 10:28:48 [   DEBUG] Looking for locale `en_US` in provider `faker.providers.job`. (factory.py:78)
2023-03-23 10:28:48 [   DEBUG] Provider `faker.providers.job` has been localized to `en_US`. (factory.py:97)
2023-03-23 10:28:48 [   DEBUG] Looking for locale `en_US` in provider `faker.providers.lorem`. (factory.py:78)
2023-03-23 10:28:48 [   DEBUG] Provider `faker.providers.lorem` has been localized to `en_US`. (factory.py:97)
2023-03-23 10:28:48 [   DEBUG] Looking for locale `en_US` in provider `faker.providers.misc`. (factory.py:78)
2023-03-23 10:28:48 [   DEBUG] Provider `faker.providers.misc` has been localized to `en_US`. (factory.py:97)
2023-03-23 10:28:48 [   DEBUG] Looking for locale `en_US` in provider `faker.providers.person`. (factory.py:78)
2023-03-23 10:28:48 [   DEBUG] Provider `faker.providers.person` has been localized to `en_US`. (factory.py:97)
2023-03-23 10:28:48 [   DEBUG] Looking for locale `en_US` in provider `faker.providers.phone_number`. (factory.py:78)
2023-03-23 10:28:48 [   DEBUG] Provider `faker.providers.phone_number` has been localized to `en_US`. (factory.py:97)
2023-03-23 10:28:48 [   DEBUG] Provider `faker.providers.profile` does not feature localization. Specified locale `en_US` is not utilized for this provider. (factory.py:109)
2023-03-23 10:28:48 [   DEBUG] Provider `faker.providers.python` does not feature localization. Specified locale `en_US` is not utilized for this provider. (factory.py:109)
2023-03-23 10:28:48 [   DEBUG] Looking for locale `en_US` in provider `faker.providers.ssn`. (factory.py:78)
2023-03-23 10:28:48 [   DEBUG] Provider `faker.providers.ssn` has been localized to `en_US`. (factory.py:97)
2023-03-23 10:28:48 [   DEBUG] Provider `faker.providers.user_agent` does not feature localization. Specified locale `en_US` is not utilized for this provider. (factory.py:109)
2023-03-23 10:28:48 [    INFO] ====== WebDriver manager ====== (logger.py:11)
2023-03-23 10:28:49 [    INFO] Driver [C:\Users\a.haidar\.wdm\drivers\chromedriver\win32\111.0.5563\chromedriver.exe] found in cache (logger.py:11)
2023-03-23 10:28:49 [   DEBUG] Started executable: `C:\Users\a.haidar\.wdm\drivers\chromedriver\win32\111.0.5563\chromedriver.exe` in a child process with pid: 17764 (service.py:198)
2023-03-23 10:28:50 [   DEBUG] POST http://localhost:52340/session {"capabilities": {"firstMatch": [{}], "alwaysMatch": {"browserName": "chrome", "pageLoadStrategy": "normal", "goog:chromeOptions": {"extensions": [], "args": []}}}} (remote_connection.py:308)
2023-03-23 10:28:50 [   DEBUG] Starting new HTTP connection (1): localhost:52340 (connectionpool.py:228)
2023-03-23 10:28:50 [   DEBUG] http://localhost:52340 "POST /session HTTP/1.1" 200 865 (connectionpool.py:456)
2023-03-23 10:28:50 [   DEBUG] Remote response: status=200 | data={"value":{"capabilities":{"acceptInsecureCerts":false,"browserName":"chrome","browserVersion":"111.0.5563.66","chrome":{"chromedriverVersion":"111.0.5563.64 (c710e93d5b63b7095afe8c2c17df34408078439d-refs/branch-heads/5563@{#995})","userDataDir":"C:\\Users\\AE911~1.HAI\\AppData\\Local\\Temp\\scoped_dir17764_1488304382"},"goog:chromeOptions":{"debuggerAddress":"localhost:52343"},"networkConnectionEnabled":false,"pageLoadStrategy":"normal","platformName":"windows","proxy":{},"setWindowRect":true,"strictFileInteractability":false,"timeouts":{"implicit":0,"pageLoad":300000,"script":30000},"unhandledPromptBehavior":"dismiss and notify","webauthn:extension:credBlob":true,"webauthn:extension:largeBlob":true,"webauthn:extension:minPinLength":true,"webauthn:extension:prf":true,"webauthn:virtualAuthenticators":true},"sessionId":"5bd8b7924d77defd0c7eae525ef1eea9"}} | headers=HTTPHeaderDict({'Content-Length': '865', 'Content-Type': 'application/json; charset=utf-8', 'cache-control': 'no-cache'}) (remote_connection.py:330)
2023-03-23 10:28:50 [   DEBUG] Finished Request (remote_connection.py:358)
2023-03-23 10:28:50 [   DEBUG] POST http://localhost:52340/session/5bd8b7924d77defd0c7eae525ef1eea9/timeouts {"implicit": 30000} (remote_connection.py:308)
2023-03-23 10:28:50 [   DEBUG] http://localhost:52340 "POST /session/5bd8b7924d77defd0c7eae525ef1eea9/timeouts HTTP/1.1" 200 14 (connectionpool.py:456)
2023-03-23 10:28:50 [   DEBUG] Remote response: status=200 | data={"value":null} | headers=HTTPHeaderDict({'Content-Length': '14', 'Content-Type': 'application/json; charset=utf-8', 'cache-control': 'no-cache'}) (remote_connection.py:330)
2023-03-23 10:28:50 [   DEBUG] Finished Request (remote_connection.py:358)
2023-03-23 10:28:50 [   DEBUG] POST http://localhost:52340/session/5bd8b7924d77defd0c7eae525ef1eea9/window/maximize {} (remote_connection.py:308)
2023-03-23 10:28:51 [   DEBUG] http://localhost:52340 "POST /session/5bd8b7924d77defd0c7eae525ef1eea9/window/maximize HTTP/1.1" 200 51 (connectionpool.py:456)
2023-03-23 10:28:51 [   DEBUG] Remote response: status=200 | data={"value":{"height":832,"width":1552,"x":-8,"y":-8}} | headers=HTTPHeaderDict({'Content-Length': '51', 'Content-Type': 'application/json; charset=utf-8', 'cache-control': 'no-cache'}) (remote_connection.py:330)
2023-03-23 10:28:51 [   DEBUG] Finished Request (remote_connection.py:358)
2023-03-23 10:28:51 [   DEBUG] POST http://localhost:52340/session/5bd8b7924d77defd0c7eae525ef1eea9/url {"url": "https://opensource-demo.orangehrmlive.com/web/index.php/auth/login"} (remote_connection.py:308)
2023-03-23 10:28:52 [   DEBUG] http://localhost:52340 "POST /session/5bd8b7924d77defd0c7eae525ef1eea9/url HTTP/1.1" 200 14 (connectionpool.py:456)
2023-03-23 10:28:52 [   DEBUG] Remote response: status=200 | data={"value":null} | headers=HTTPHeaderDict({'Content-Length': '14', 'Content-Type': 'application/json; charset=utf-8', 'cache-control': 'no-cache'}) (remote_connection.py:330)
2023-03-23 10:28:52 [   DEBUG] Finished Request (remote_connection.py:358)
2023-03-23 10:28:52 [   DEBUG] POST http://localhost:52340/session/5bd8b7924d77defd0c7eae525ef1eea9/element {"using": "css selector", "value": "[name=\"username\"]"} (remote_connection.py:308)
2023-03-23 10:28:53 [   DEBUG] http://localhost:52340 "POST /session/5bd8b7924d77defd0c7eae525ef1eea9/element HTTP/1.1" 200 88 (connectionpool.py:456)
2023-03-23 10:28:53 [   DEBUG] Remote response: status=200 | data={"value":{"element-6066-11e4-a52e-4f735466cecf":"a028bda1-5a55-4926-991a-d3e184c66839"}} | headers=HTTPHeaderDict({'Content-Length': '88', 'Content-Type': 'application/json; charset=utf-8', 'cache-control': 'no-cache'}) (remote_connection.py:330)
2023-03-23 10:28:53 [   DEBUG] Finished Request (remote_connection.py:358)
2023-03-23 10:28:53 [   DEBUG] POST http://localhost:52340/session/5bd8b7924d77defd0c7eae525ef1eea9/element/a028bda1-5a55-4926-991a-d3e184c66839/value {"text": "Admin", "value": ["A", "d", "m", "i", "n"], "id": "a028bda1-5a55-4926-991a-d3e184c66839"} (remote_connection.py:308)
2023-03-23 10:28:53 [   DEBUG] http://localhost:52340 "POST /session/5bd8b7924d77defd0c7eae525ef1eea9/element/a028bda1-5a55-4926-991a-d3e184c66839/value HTTP/1.1" 200 14 (connectionpool.py:456)
2023-03-23 10:28:53 [   DEBUG] Remote response: status=200 | data={"value":null} | headers=HTTPHeaderDict({'Content-Length': '14', 'Content-Type': 'application/json; charset=utf-8', 'cache-control': 'no-cache'}) (remote_connection.py:330)
2023-03-23 10:28:53 [   DEBUG] Finished Request (remote_connection.py:358)
2023-03-23 10:28:53 [   DEBUG] POST http://localhost:52340/session/5bd8b7924d77defd0c7eae525ef1eea9/element {"using": "css selector", "value": "[name=\"password\"]"} (remote_connection.py:308)
2023-03-23 10:28:53 [   DEBUG] http://localhost:52340 "POST /session/5bd8b7924d77defd0c7eae525ef1eea9/element HTTP/1.1" 200 88 (connectionpool.py:456)
2023-03-23 10:28:53 [   DEBUG] Remote response: status=200 | data={"value":{"element-6066-11e4-a52e-4f735466cecf":"602c1bb8-3f43-480a-8305-7100cd5b640d"}} | headers=HTTPHeaderDict({'Content-Length': '88', 'Content-Type': 'application/json; charset=utf-8', 'cache-control': 'no-cache'}) (remote_connection.py:330)
2023-03-23 10:28:53 [   DEBUG] Finished Request (remote_connection.py:358)
2023-03-23 10:28:53 [   DEBUG] POST http://localhost:52340/session/5bd8b7924d77defd0c7eae525ef1eea9/element {"using": "css selector", "value": ".oxd-button"} (remote_connection.py:308)
2023-03-23 10:28:53 [   DEBUG] http://localhost:52340 "POST /session/5bd8b7924d77defd0c7eae525ef1eea9/element HTTP/1.1" 200 88 (connectionpool.py:456)
2023-03-23 10:28:53 [   DEBUG] Remote response: status=200 | data={"value":{"element-6066-11e4-a52e-4f735466cecf":"58ee3809-7f79-4a86-b30e-dc86839b4ae9"}} | headers=HTTPHeaderDict({'Content-Length': '88', 'Content-Type': 'application/json; charset=utf-8', 'cache-control': 'no-cache'}) (remote_connection.py:330)
2023-03-23 10:28:53 [   DEBUG] Finished Request (remote_connection.py:358)
2023-03-23 10:28:53 [   DEBUG] POST http://localhost:52340/session/5bd8b7924d77defd0c7eae525ef1eea9/element/602c1bb8-3f43-480a-8305-7100cd5b640d/value {"text": "admin123", "value": ["a", "d", "m", "i", "n", "1", "2", "3"], "id": "602c1bb8-3f43-480a-8305-7100cd5b640d"} (remote_connection.py:308)
2023-03-23 10:28:53 [   DEBUG] http://localhost:52340 "POST /session/5bd8b7924d77defd0c7eae525ef1eea9/element/602c1bb8-3f43-480a-8305-7100cd5b640d/value HTTP/1.1" 200 14 (connectionpool.py:456)
2023-03-23 10:28:53 [   DEBUG] Remote response: status=200 | data={"value":null} | headers=HTTPHeaderDict({'Content-Length': '14', 'Content-Type': 'application/json; charset=utf-8', 'cache-control': 'no-cache'}) (remote_connection.py:330)
2023-03-23 10:28:53 [   DEBUG] Finished Request (remote_connection.py:358)
2023-03-23 10:28:53 [   DEBUG] POST http://localhost:52340/session/5bd8b7924d77defd0c7eae525ef1eea9/element/58ee3809-7f79-4a86-b30e-dc86839b4ae9/click {"id": "58ee3809-7f79-4a86-b30e-dc86839b4ae9"} (remote_connection.py:308)
2023-03-23 10:28:53 [   DEBUG] http://localhost:52340 "POST /session/5bd8b7924d77defd0c7eae525ef1eea9/element/58ee3809-7f79-4a86-b30e-dc86839b4ae9/click HTTP/1.1" 200 14 (connectionpool.py:456)
2023-03-23 10:28:53 [   DEBUG] Remote response: status=200 | data={"value":null} | headers=HTTPHeaderDict({'Content-Length': '14', 'Content-Type': 'application/json; charset=utf-8', 'cache-control': 'no-cache'}) (remote_connection.py:330)
2023-03-23 10:28:53 [   DEBUG] Finished Request (remote_connection.py:358)
2023-03-23 10:28:53 [   DEBUG] POST http://localhost:52340/session/5bd8b7924d77defd0c7eae525ef1eea9/element {"using": "link text", "value": "Admin"} (remote_connection.py:308)
2023-03-23 10:28:54 [   DEBUG] http://localhost:52340 "POST /session/5bd8b7924d77defd0c7eae525ef1eea9/element HTTP/1.1" 200 88 (connectionpool.py:456)
2023-03-23 10:28:54 [   DEBUG] Remote response: status=200 | data={"value":{"element-6066-11e4-a52e-4f735466cecf":"e613da42-8c0b-4c2d-9175-9413d409be85"}} | headers=HTTPHeaderDict({'Content-Length': '88', 'Content-Type': 'application/json; charset=utf-8', 'cache-control': 'no-cache'}) (remote_connection.py:330)
2023-03-23 10:28:54 [   DEBUG] Finished Request (remote_connection.py:358)
2023-03-23 10:28:54 [   DEBUG] POST http://localhost:52340/session/5bd8b7924d77defd0c7eae525ef1eea9/url {"url": "https://opensource-demo.orangehrmlive.com/web/index.php/pim/addEmployee"} (remote_connection.py:308)
2023-03-23 10:28:55 [   DEBUG] http://localhost:52340 "POST /session/5bd8b7924d77defd0c7eae525ef1eea9/url HTTP/1.1" 200 14 (connectionpool.py:456)
2023-03-23 10:28:55 [   DEBUG] Remote response: status=200 | data={"value":null} | headers=HTTPHeaderDict({'Content-Length': '14', 'Content-Type': 'application/json; charset=utf-8', 'cache-control': 'no-cache'}) (remote_connection.py:330)
2023-03-23 10:28:55 [   DEBUG] Finished Request (remote_connection.py:358)
2023-03-23 10:28:55 [   DEBUG] POST http://localhost:52340/session/5bd8b7924d77defd0c7eae525ef1eea9/window/maximize {} (remote_connection.py:308)
2023-03-23 10:28:55 [   DEBUG] http://localhost:52340 "POST /session/5bd8b7924d77defd0c7eae525ef1eea9/window/maximize HTTP/1.1" 200 51 (connectionpool.py:456)
2023-03-23 10:28:55 [   DEBUG] Remote response: status=200 | data={"value":{"height":832,"width":1552,"x":-8,"y":-8}} | headers=HTTPHeaderDict({'Content-Length': '51', 'Content-Type': 'application/json; charset=utf-8', 'cache-control': 'no-cache'}) (remote_connection.py:330)
2023-03-23 10:28:55 [   DEBUG] Finished Request (remote_connection.py:358)
2023-03-23 10:28:55 [   DEBUG] POST http://localhost:52340/session/5bd8b7924d77defd0c7eae525ef1eea9/element {"using": "css selector", "value": "[name=\"firstName\"]"} (remote_connection.py:308)
2023-03-23 10:28:55 [   DEBUG] http://localhost:52340 "POST /session/5bd8b7924d77defd0c7eae525ef1eea9/element HTTP/1.1" 200 88 (connectionpool.py:456)
2023-03-23 10:28:55 [   DEBUG] Remote response: status=200 | data={"value":{"element-6066-11e4-a52e-4f735466cecf":"e7b26c43-4c28-4494-b919-4c8c53b6e885"}} | headers=HTTPHeaderDict({'Content-Length': '88', 'Content-Type': 'application/json; charset=utf-8', 'cache-control': 'no-cache'}) (remote_connection.py:330)
2023-03-23 10:28:55 [   DEBUG] Finished Request (remote_connection.py:358)
2023-03-23 10:28:55 [   DEBUG] POST http://localhost:52340/session/5bd8b7924d77defd0c7eae525ef1eea9/element/e7b26c43-4c28-4494-b919-4c8c53b6e885/clear {"id": "e7b26c43-4c28-4494-b919-4c8c53b6e885"} (remote_connection.py:308)
2023-03-23 10:28:55 [   DEBUG] http://localhost:52340 "POST /session/5bd8b7924d77defd0c7eae525ef1eea9/element/e7b26c43-4c28-4494-b919-4c8c53b6e885/clear HTTP/1.1" 200 14 (connectionpool.py:456)
2023-03-23 10:28:55 [   DEBUG] Remote response: status=200 | data={"value":null} | headers=HTTPHeaderDict({'Content-Length': '14', 'Content-Type': 'application/json; charset=utf-8', 'cache-control': 'no-cache'}) (remote_connection.py:330)
2023-03-23 10:28:55 [   DEBUG] Finished Request (remote_connection.py:358)
2023-03-23 10:28:55 [   DEBUG] POST http://localhost:52340/session/5bd8b7924d77defd0c7eae525ef1eea9/element/e7b26c43-4c28-4494-b919-4c8c53b6e885/value {"text": "elon1", "value": ["e", "l", "o", "n", "1"], "id": "e7b26c43-4c28-4494-b919-4c8c53b6e885"} (remote_connection.py:308)
2023-03-23 10:28:55 [   DEBUG] http://localhost:52340 "POST /session/5bd8b7924d77defd0c7eae525ef1eea9/element/e7b26c43-4c28-4494-b919-4c8c53b6e885/value HTTP/1.1" 200 14 (connectionpool.py:456)
2023-03-23 10:28:55 [   DEBUG] Remote response: status=200 | data={"value":null} | headers=HTTPHeaderDict({'Content-Length': '14', 'Content-Type': 'application/json; charset=utf-8', 'cache-control': 'no-cache'}) (remote_connection.py:330)
2023-03-23 10:28:55 [   DEBUG] Finished Request (remote_connection.py:358)
2023-03-23 10:28:55 [   DEBUG] POST http://localhost:52340/session/5bd8b7924d77defd0c7eae525ef1eea9/element {"using": "css selector", "value": "[name=\"middleName\"]"} (remote_connection.py:308)
2023-03-23 10:28:55 [   DEBUG] http://localhost:52340 "POST /session/5bd8b7924d77defd0c7eae525ef1eea9/element HTTP/1.1" 200 88 (connectionpool.py:456)
2023-03-23 10:28:55 [   DEBUG] Remote response: status=200 | data={"value":{"element-6066-11e4-a52e-4f735466cecf":"b8094259-5d79-42e0-a499-7652ab2ed518"}} | headers=HTTPHeaderDict({'Content-Length': '88', 'Content-Type': 'application/json; charset=utf-8', 'cache-control': 'no-cache'}) (remote_connection.py:330)
2023-03-23 10:28:55 [   DEBUG] Finished Request (remote_connection.py:358)
2023-03-23 10:28:55 [   DEBUG] POST http://localhost:52340/session/5bd8b7924d77defd0c7eae525ef1eea9/element/b8094259-5d79-42e0-a499-7652ab2ed518/value {"text": "elon1musk1", "value": ["e", "l", "o", "n", "1", "m", "u", "s", "k", "1"], "id": "b8094259-5d79-42e0-a499-7652ab2ed518"} (remote_connection.py:308)
2023-03-23 10:28:55 [   DEBUG] http://localhost:52340 "POST /session/5bd8b7924d77defd0c7eae525ef1eea9/element/b8094259-5d79-42e0-a499-7652ab2ed518/value HTTP/1.1" 200 14 (connectionpool.py:456)
2023-03-23 10:28:55 [   DEBUG] Remote response: status=200 | data={"value":null} | headers=HTTPHeaderDict({'Content-Length': '14', 'Content-Type': 'application/json; charset=utf-8', 'cache-control': 'no-cache'}) (remote_connection.py:330)
2023-03-23 10:28:55 [   DEBUG] Finished Request (remote_connection.py:358)
2023-03-23 10:28:55 [   DEBUG] POST http://localhost:52340/session/5bd8b7924d77defd0c7eae525ef1eea9/element {"using": "css selector", "value": "[name=\"lastName\"]"} (remote_connection.py:308)
2023-03-23 10:28:56 [   DEBUG] http://localhost:52340 "POST /session/5bd8b7924d77defd0c7eae525ef1eea9/element HTTP/1.1" 200 88 (connectionpool.py:456)
2023-03-23 10:28:56 [   DEBUG] Remote response: status=200 | data={"value":{"element-6066-11e4-a52e-4f735466cecf":"76f19522-d160-4746-a89d-f9693e9597e4"}} | headers=HTTPHeaderDict({'Content-Length': '88', 'Content-Type': 'application/json; charset=utf-8', 'cache-control': 'no-cache'}) (remote_connection.py:330)
2023-03-23 10:28:56 [   DEBUG] Finished Request (remote_connection.py:358)
2023-03-23 10:28:56 [   DEBUG] POST http://localhost:52340/session/5bd8b7924d77defd0c7eae525ef1eea9/element/76f19522-d160-4746-a89d-f9693e9597e4/clear {"id": "76f19522-d160-4746-a89d-f9693e9597e4"} (remote_connection.py:308)
2023-03-23 10:28:56 [   DEBUG] http://localhost:52340 "POST /session/5bd8b7924d77defd0c7eae525ef1eea9/element/76f19522-d160-4746-a89d-f9693e9597e4/clear HTTP/1.1" 200 14 (connectionpool.py:456)
2023-03-23 10:28:56 [   DEBUG] Remote response: status=200 | data={"value":null} | headers=HTTPHeaderDict({'Content-Length': '14', 'Content-Type': 'application/json; charset=utf-8', 'cache-control': 'no-cache'}) (remote_connection.py:330)
2023-03-23 10:28:56 [   DEBUG] Finished Request (remote_connection.py:358)
2023-03-23 10:28:56 [   DEBUG] POST http://localhost:52340/session/5bd8b7924d77defd0c7eae525ef1eea9/element/76f19522-d160-4746-a89d-f9693e9597e4/value {"text": "musk1", "value": ["m", "u", "s", "k", "1"], "id": "76f19522-d160-4746-a89d-f9693e9597e4"} (remote_connection.py:308)
2023-03-23 10:28:56 [   DEBUG] http://localhost:52340 "POST /session/5bd8b7924d77defd0c7eae525ef1eea9/element/76f19522-d160-4746-a89d-f9693e9597e4/value HTTP/1.1" 200 14 (connectionpool.py:456)
2023-03-23 10:28:56 [   DEBUG] Remote response: status=200 | data={"value":null} | headers=HTTPHeaderDict({'Content-Length': '14', 'Content-Type': 'application/json; charset=utf-8', 'cache-control': 'no-cache'}) (remote_connection.py:330)
2023-03-23 10:28:56 [   DEBUG] Finished Request (remote_connection.py:358)
2023-03-23 10:28:56 [   DEBUG] POST http://localhost:52340/session/5bd8b7924d77defd0c7eae525ef1eea9/element {"using": "xpath", "value": "/html[1]/body[1]/div[1]/div[1]/div[2]/div[2]/div[1]/div[1]/form[1]/div[1]/div[2]/div[1]/div[2]/div[1]/div[1]/div[2]/input[1]"} (remote_connection.py:308)
2023-03-23 10:28:56 [   DEBUG] http://localhost:52340 "POST /session/5bd8b7924d77defd0c7eae525ef1eea9/element HTTP/1.1" 200 88 (connectionpool.py:456)
2023-03-23 10:28:56 [   DEBUG] Remote response: status=200 | data={"value":{"element-6066-11e4-a52e-4f735466cecf":"51e6ebf9-1d43-4c05-8f62-d263a502c1cd"}} | headers=HTTPHeaderDict({'Content-Length': '88', 'Content-Type': 'application/json; charset=utf-8', 'cache-control': 'no-cache'}) (remote_connection.py:330)
2023-03-23 10:28:56 [   DEBUG] Finished Request (remote_connection.py:358)
2023-03-23 10:28:56 [   DEBUG] POST http://localhost:52340/session/5bd8b7924d77defd0c7eae525ef1eea9/element/51e6ebf9-1d43-4c05-8f62-d263a502c1cd/value {"text": "\ue009a", "value": ["\ue009", "a"], "id": "51e6ebf9-1d43-4c05-8f62-d263a502c1cd"} (remote_connection.py:308)
2023-03-23 10:28:56 [   DEBUG] http://localhost:52340 "POST /session/5bd8b7924d77defd0c7eae525ef1eea9/element/51e6ebf9-1d43-4c05-8f62-d263a502c1cd/value HTTP/1.1" 200 14 (connectionpool.py:456)
2023-03-23 10:28:56 [   DEBUG] Remote response: status=200 | data={"value":null} | headers=HTTPHeaderDict({'Content-Length': '14', 'Content-Type': 'application/json; charset=utf-8', 'cache-control': 'no-cache'}) (remote_connection.py:330)
2023-03-23 10:28:56 [   DEBUG] Finished Request (remote_connection.py:358)
2023-03-23 10:28:56 [   DEBUG] POST http://localhost:52340/session/5bd8b7924d77defd0c7eae525ef1eea9/element/51e6ebf9-1d43-4c05-8f62-d263a502c1cd/value {"text": "90000001", "value": ["9", "0", "0", "0", "0", "0", "0", "1"], "id": "51e6ebf9-1d43-4c05-8f62-d263a502c1cd"} (remote_connection.py:308)
2023-03-23 10:28:56 [   DEBUG] http://localhost:52340 "POST /session/5bd8b7924d77defd0c7eae525ef1eea9/element/51e6ebf9-1d43-4c05-8f62-d263a502c1cd/value HTTP/1.1" 200 14 (connectionpool.py:456)
2023-03-23 10:28:56 [   DEBUG] Remote response: status=200 | data={"value":null} | headers=HTTPHeaderDict({'Content-Length': '14', 'Content-Type': 'application/json; charset=utf-8', 'cache-control': 'no-cache'}) (remote_connection.py:330)
2023-03-23 10:28:56 [   DEBUG] Finished Request (remote_connection.py:358)
2023-03-23 10:28:56 [   DEBUG] POST http://localhost:52340/session/5bd8b7924d77defd0c7eae525ef1eea9/element {"using": "xpath", "value": "/html[1]/body[1]/div[1]/div[1]/div[2]/div[2]/div[1]/div[1]/form[1]/div[2]/button[2]"} (remote_connection.py:308)
2023-03-23 10:28:56 [   DEBUG] http://localhost:52340 "POST /session/5bd8b7924d77defd0c7eae525ef1eea9/element HTTP/1.1" 200 88 (connectionpool.py:456)
2023-03-23 10:28:56 [   DEBUG] Remote response: status=200 | data={"value":{"element-6066-11e4-a52e-4f735466cecf":"597172b1-70d6-4416-ab3a-e476a97734ab"}} | headers=HTTPHeaderDict({'Content-Length': '88', 'Content-Type': 'application/json; charset=utf-8', 'cache-control': 'no-cache'}) (remote_connection.py:330)
2023-03-23 10:28:56 [   DEBUG] Finished Request (remote_connection.py:358)
2023-03-23 10:28:56 [   DEBUG] POST http://localhost:52340/session/5bd8b7924d77defd0c7eae525ef1eea9/element/597172b1-70d6-4416-ab3a-e476a97734ab/click {"id": "597172b1-70d6-4416-ab3a-e476a97734ab"} (remote_connection.py:308)
2023-03-23 10:28:56 [   DEBUG] http://localhost:52340 "POST /session/5bd8b7924d77defd0c7eae525ef1eea9/element/597172b1-70d6-4416-ab3a-e476a97734ab/click HTTP/1.1" 200 14 (connectionpool.py:456)
2023-03-23 10:28:56 [   DEBUG] Remote response: status=200 | data={"value":null} | headers=HTTPHeaderDict({'Content-Length': '14', 'Content-Type': 'application/json; charset=utf-8', 'cache-control': 'no-cache'}) (remote_connection.py:330)
2023-03-23 10:28:56 [   DEBUG] Finished Request (remote_connection.py:358)
2023-03-23 10:28:56 [   DEBUG] POST http://localhost:52340/session/5bd8b7924d77defd0c7eae525ef1eea9/element {"using": "xpath", "value": "/html[1]/body[1]/div[1]/div[2]/div[1]"} (remote_connection.py:308)
2023-03-23 10:28:56 [   DEBUG] http://localhost:52340 "POST /session/5bd8b7924d77defd0c7eae525ef1eea9/element HTTP/1.1" 200 88 (connectionpool.py:456)
2023-03-23 10:28:56 [   DEBUG] Remote response: status=200 | data={"value":{"element-6066-11e4-a52e-4f735466cecf":"6b581a0c-4f20-4fd9-bba5-6756021135fa"}} | headers=HTTPHeaderDict({'Content-Length': '88', 'Content-Type': 'application/json; charset=utf-8', 'cache-control': 'no-cache'}) (remote_connection.py:330)
2023-03-23 10:28:56 [   DEBUG] Finished Request (remote_connection.py:358)
2023-03-23 10:28:56 [   DEBUG] POST http://localhost:52340/session/5bd8b7924d77defd0c7eae525ef1eea9/url {"url": "https://opensource-demo.orangehrmlive.com/web/index.php/pim/addEmployee"} (remote_connection.py:308)
2023-03-23 10:28:56 [   DEBUG] http://localhost:52340 "POST /session/5bd8b7924d77defd0c7eae525ef1eea9/url HTTP/1.1" 200 14 (connectionpool.py:456)
2023-03-23 10:28:56 [   DEBUG] Remote response: status=200 | data={"value":null} | headers=HTTPHeaderDict({'Content-Length': '14', 'Content-Type': 'application/json; charset=utf-8', 'cache-control': 'no-cache'}) (remote_connection.py:330)
2023-03-23 10:28:56 [   DEBUG] Finished Request (remote_connection.py:358)
2023-03-23 10:28:56 [   DEBUG] POST http://localhost:52340/session/5bd8b7924d77defd0c7eae525ef1eea9/url {"url": "https://opensource-demo.orangehrmlive.com/web/index.php/pim/viewEmployeeList"} (remote_connection.py:308)
2023-03-23 10:28:57 [   DEBUG] http://localhost:52340 "POST /session/5bd8b7924d77defd0c7eae525ef1eea9/url HTTP/1.1" 200 14 (connectionpool.py:456)
2023-03-23 10:28:57 [   DEBUG] Remote response: status=200 | data={"value":null} | headers=HTTPHeaderDict({'Content-Length': '14', 'Content-Type': 'application/json; charset=utf-8', 'cache-control': 'no-cache'}) (remote_connection.py:330)
2023-03-23 10:28:57 [   DEBUG] Finished Request (remote_connection.py:358)
2023-03-23 10:28:57 [   DEBUG] POST http://localhost:52340/session/5bd8b7924d77defd0c7eae525ef1eea9/element {"using": "xpath", "value": "/html[1]/body[1]/div[1]/div[1]/div[2]/div[2]/div[1]/div[1]/div[2]/form[1]/div[2]/button[1]"} (remote_connection.py:308)
2023-03-23 10:28:57 [   DEBUG] http://localhost:52340 "POST /session/5bd8b7924d77defd0c7eae525ef1eea9/element HTTP/1.1" 200 88 (connectionpool.py:456)
2023-03-23 10:28:57 [   DEBUG] Remote response: status=200 | data={"value":{"element-6066-11e4-a52e-4f735466cecf":"209c892f-f263-44cf-a7b4-492c0033bf14"}} | headers=HTTPHeaderDict({'Content-Length': '88', 'Content-Type': 'application/json; charset=utf-8', 'cache-control': 'no-cache'}) (remote_connection.py:330)
2023-03-23 10:28:57 [   DEBUG] Finished Request (remote_connection.py:358)
2023-03-23 10:28:57 [   DEBUG] POST http://localhost:52340/session/5bd8b7924d77defd0c7eae525ef1eea9/element/209c892f-f263-44cf-a7b4-492c0033bf14/click {"id": "209c892f-f263-44cf-a7b4-492c0033bf14"} (remote_connection.py:308)
2023-03-23 10:28:57 [   DEBUG] http://localhost:52340 "POST /session/5bd8b7924d77defd0c7eae525ef1eea9/element/209c892f-f263-44cf-a7b4-492c0033bf14/click HTTP/1.1" 200 14 (connectionpool.py:456)
2023-03-23 10:28:57 [   DEBUG] Remote response: status=200 | data={"value":null} | headers=HTTPHeaderDict({'Content-Length': '14', 'Content-Type': 'application/json; charset=utf-8', 'cache-control': 'no-cache'}) (remote_connection.py:330)
2023-03-23 10:28:57 [   DEBUG] Finished Request (remote_connection.py:358)
2023-03-23 10:28:57 [   DEBUG] POST http://localhost:52340/session/5bd8b7924d77defd0c7eae525ef1eea9/element {"using": "xpath", "value": "/html[1]/body[1]/div[1]/div[1]/div[2]/div[2]/div[1]/div[1]/div[2]/form[1]/div[1]/div[1]/div[1]/div[1]/div[2]/div[1]/div[1]/input[1]"} (remote_connection.py:308)
2023-03-23 10:28:57 [   DEBUG] http://localhost:52340 "POST /session/5bd8b7924d77defd0c7eae525ef1eea9/element HTTP/1.1" 200 88 (connectionpool.py:456)
2023-03-23 10:28:57 [   DEBUG] Remote response: status=200 | data={"value":{"element-6066-11e4-a52e-4f735466cecf":"e29de1ea-7058-4b04-b2b0-606aba809e03"}} | headers=HTTPHeaderDict({'Content-Length': '88', 'Content-Type': 'application/json; charset=utf-8', 'cache-control': 'no-cache'}) (remote_connection.py:330)
2023-03-23 10:28:57 [   DEBUG] Finished Request (remote_connection.py:358)
2023-03-23 10:28:57 [   DEBUG] POST http://localhost:52340/session/5bd8b7924d77defd0c7eae525ef1eea9/element {"using": "xpath", "value": "/html[1]/body[1]/div[1]/div[1]/div[2]/div[2]/div[1]/div[1]/div[2]/form[1]/div[1]/div[1]/div[2]/div[1]/div[2]/input[1]"} (remote_connection.py:308)
2023-03-23 10:28:57 [   DEBUG] http://localhost:52340 "POST /session/5bd8b7924d77defd0c7eae525ef1eea9/element HTTP/1.1" 200 88 (connectionpool.py:456)
2023-03-23 10:28:57 [   DEBUG] Remote response: status=200 | data={"value":{"element-6066-11e4-a52e-4f735466cecf":"9612caee-cfcd-483b-bbde-555ad0a74853"}} | headers=HTTPHeaderDict({'Content-Length': '88', 'Content-Type': 'application/json; charset=utf-8', 'cache-control': 'no-cache'}) (remote_connection.py:330)
2023-03-23 10:28:57 [   DEBUG] Finished Request (remote_connection.py:358)
2023-03-23 10:28:57 [   DEBUG] POST http://localhost:52340/session/5bd8b7924d77defd0c7eae525ef1eea9/element/e29de1ea-7058-4b04-b2b0-606aba809e03/value {"text": "elon1", "value": ["e", "l", "o", "n", "1"], "id": "e29de1ea-7058-4b04-b2b0-606aba809e03"} (remote_connection.py:308)
2023-03-23 10:28:57 [   DEBUG] http://localhost:52340 "POST /session/5bd8b7924d77defd0c7eae525ef1eea9/element/e29de1ea-7058-4b04-b2b0-606aba809e03/value HTTP/1.1" 200 14 (connectionpool.py:456)
2023-03-23 10:28:57 [   DEBUG] Remote response: status=200 | data={"value":null} | headers=HTTPHeaderDict({'Content-Length': '14', 'Content-Type': 'application/json; charset=utf-8', 'cache-control': 'no-cache'}) (remote_connection.py:330)
2023-03-23 10:28:57 [   DEBUG] Finished Request (remote_connection.py:358)
2023-03-23 10:28:57 [   DEBUG] POST http://localhost:52340/session/5bd8b7924d77defd0c7eae525ef1eea9/element/9612caee-cfcd-483b-bbde-555ad0a74853/value {"text": "90000001", "value": ["9", "0", "0", "0", "0", "0", "0", "1"], "id": "9612caee-cfcd-483b-bbde-555ad0a74853"} (remote_connection.py:308)
2023-03-23 10:28:57 [   DEBUG] http://localhost:52340 "POST /session/5bd8b7924d77defd0c7eae525ef1eea9/element/9612caee-cfcd-483b-bbde-555ad0a74853/value HTTP/1.1" 200 14 (connectionpool.py:456)
2023-03-23 10:28:57 [   DEBUG] Remote response: status=200 | data={"value":null} | headers=HTTPHeaderDict({'Content-Length': '14', 'Content-Type': 'application/json; charset=utf-8', 'cache-control': 'no-cache'}) (remote_connection.py:330)
2023-03-23 10:28:57 [   DEBUG] Finished Request (remote_connection.py:358)
2023-03-23 10:28:57 [   DEBUG] POST http://localhost:52340/session/5bd8b7924d77defd0c7eae525ef1eea9/element {"using": "xpath", "value": "/html[1]/body[1]/div[1]/div[1]/div[2]/div[2]/div[1]/div[1]/div[2]/form[1]/div[2]/button[2]"} (remote_connection.py:308)
2023-03-23 10:28:57 [   DEBUG] http://localhost:52340 "POST /session/5bd8b7924d77defd0c7eae525ef1eea9/element HTTP/1.1" 200 88 (connectionpool.py:456)
2023-03-23 10:28:57 [   DEBUG] Remote response: status=200 | data={"value":{"element-6066-11e4-a52e-4f735466cecf":"fe0bc82f-c9ac-4a9b-a336-00ff30e271da"}} | headers=HTTPHeaderDict({'Content-Length': '88', 'Content-Type': 'application/json; charset=utf-8', 'cache-control': 'no-cache'}) (remote_connection.py:330)
2023-03-23 10:28:57 [   DEBUG] Finished Request (remote_connection.py:358)
2023-03-23 10:28:57 [   DEBUG] POST http://localhost:52340/session/5bd8b7924d77defd0c7eae525ef1eea9/element/fe0bc82f-c9ac-4a9b-a336-00ff30e271da/click {"id": "fe0bc82f-c9ac-4a9b-a336-00ff30e271da"} (remote_connection.py:308)
2023-03-23 10:28:57 [   DEBUG] http://localhost:52340 "POST /session/5bd8b7924d77defd0c7eae525ef1eea9/element/fe0bc82f-c9ac-4a9b-a336-00ff30e271da/click HTTP/1.1" 200 14 (connectionpool.py:456)
2023-03-23 10:28:57 [   DEBUG] Remote response: status=200 | data={"value":null} | headers=HTTPHeaderDict({'Content-Length': '14', 'Content-Type': 'application/json; charset=utf-8', 'cache-control': 'no-cache'}) (remote_connection.py:330)
2023-03-23 10:28:57 [   DEBUG] Finished Request (remote_connection.py:358)
2023-03-23 10:28:57 [   DEBUG] POST http://localhost:52340/session/5bd8b7924d77defd0c7eae525ef1eea9/element {"using": "xpath", "value": "/html[1]/body[1]/div[1]/div[1]/div[2]/div[2]/div[1]/div[2]/div[3]/div[1]/div[2]/div[1]/div[1]/div[1]/div[1]/div[1]/label[1]/span[1]/i[1]"} (remote_connection.py:308)
2023-03-23 10:28:58 [   DEBUG] http://localhost:52340 "POST /session/5bd8b7924d77defd0c7eae525ef1eea9/element HTTP/1.1" 200 88 (connectionpool.py:456)
2023-03-23 10:28:58 [   DEBUG] Remote response: status=200 | data={"value":{"element-6066-11e4-a52e-4f735466cecf":"8eaad377-a354-4209-bf43-b46831c34805"}} | headers=HTTPHeaderDict({'Content-Length': '88', 'Content-Type': 'application/json; charset=utf-8', 'cache-control': 'no-cache'}) (remote_connection.py:330)
2023-03-23 10:28:58 [   DEBUG] Finished Request (remote_connection.py:358)
2023-03-23 10:28:58 [   DEBUG] POST http://localhost:52340/session/5bd8b7924d77defd0c7eae525ef1eea9/element {"using": "xpath", "value": "/html[1]/body[1]/div[1]/div[1]/div[2]/div[2]/div[1]/div[2]/div[3]/div[1]/div[2]/div[1]/div[1]/div[1]/div[1]/div[1]/label[1]/span[1]/i[1]"} (remote_connection.py:308)
2023-03-23 10:28:58 [   DEBUG] http://localhost:52340 "POST /session/5bd8b7924d77defd0c7eae525ef1eea9/element HTTP/1.1" 200 88 (connectionpool.py:456)
2023-03-23 10:28:58 [   DEBUG] Remote response: status=200 | data={"value":{"element-6066-11e4-a52e-4f735466cecf":"8eaad377-a354-4209-bf43-b46831c34805"}} | headers=HTTPHeaderDict({'Content-Length': '88', 'Content-Type': 'application/json; charset=utf-8', 'cache-control': 'no-cache'}) (remote_connection.py:330)
2023-03-23 10:28:58 [   DEBUG] Finished Request (remote_connection.py:358)
2023-03-23 10:28:58 [   DEBUG] POST http://localhost:52340/session/5bd8b7924d77defd0c7eae525ef1eea9/element/8eaad377-a354-4209-bf43-b46831c34805/click {"id": "8eaad377-a354-4209-bf43-b46831c34805"} (remote_connection.py:308)
2023-03-23 10:28:58 [   DEBUG] http://localhost:52340 "POST /session/5bd8b7924d77defd0c7eae525ef1eea9/element/8eaad377-a354-4209-bf43-b46831c34805/click HTTP/1.1" 200 14 (connectionpool.py:456)
2023-03-23 10:28:58 [   DEBUG] Remote response: status=200 | data={"value":null} | headers=HTTPHeaderDict({'Content-Length': '14', 'Content-Type': 'application/json; charset=utf-8', 'cache-control': 'no-cache'}) (remote_connection.py:330)
2023-03-23 10:28:58 [   DEBUG] Finished Request (remote_connection.py:358)
2023-03-23 10:28:58 [   DEBUG] POST http://localhost:52340/session/5bd8b7924d77defd0c7eae525ef1eea9/element {"using": "xpath", "value": "/html[1]/body[1]/div[1]/div[1]/div[2]/div[2]/div[1]/div[2]/div[2]/div[1]/div[1]/button[1]"} (remote_connection.py:308)
2023-03-23 10:28:58 [   DEBUG] http://localhost:52340 "POST /session/5bd8b7924d77defd0c7eae525ef1eea9/element HTTP/1.1" 200 88 (connectionpool.py:456)
2023-03-23 10:28:58 [   DEBUG] Remote response: status=200 | data={"value":{"element-6066-11e4-a52e-4f735466cecf":"0607531c-f463-4494-8202-1d390eabb89a"}} | headers=HTTPHeaderDict({'Content-Length': '88', 'Content-Type': 'application/json; charset=utf-8', 'cache-control': 'no-cache'}) (remote_connection.py:330)
2023-03-23 10:28:58 [   DEBUG] Finished Request (remote_connection.py:358)
2023-03-23 10:28:58 [   DEBUG] POST http://localhost:52340/session/5bd8b7924d77defd0c7eae525ef1eea9/element/0607531c-f463-4494-8202-1d390eabb89a/click {"id": "0607531c-f463-4494-8202-1d390eabb89a"} (remote_connection.py:308)
2023-03-23 10:28:58 [   DEBUG] http://localhost:52340 "POST /session/5bd8b7924d77defd0c7eae525ef1eea9/element/0607531c-f463-4494-8202-1d390eabb89a/click HTTP/1.1" 200 14 (connectionpool.py:456)
2023-03-23 10:28:58 [   DEBUG] Remote response: status=200 | data={"value":null} | headers=HTTPHeaderDict({'Content-Length': '14', 'Content-Type': 'application/json; charset=utf-8', 'cache-control': 'no-cache'}) (remote_connection.py:330)
2023-03-23 10:28:58 [   DEBUG] Finished Request (remote_connection.py:358)
2023-03-23 10:28:58 [   DEBUG] POST http://localhost:52340/session/5bd8b7924d77defd0c7eae525ef1eea9/element {"using": "xpath", "value": "/html[1]/body[1]/div[1]/div[3]/div[1]/div[1]/div[1]/div[3]/button[2]"} (remote_connection.py:308)
2023-03-23 10:28:58 [   DEBUG] http://localhost:52340 "POST /session/5bd8b7924d77defd0c7eae525ef1eea9/element HTTP/1.1" 200 88 (connectionpool.py:456)
2023-03-23 10:28:58 [   DEBUG] Remote response: status=200 | data={"value":{"element-6066-11e4-a52e-4f735466cecf":"ab36e401-9916-435c-adc6-b456ae002153"}} | headers=HTTPHeaderDict({'Content-Length': '88', 'Content-Type': 'application/json; charset=utf-8', 'cache-control': 'no-cache'}) (remote_connection.py:330)
2023-03-23 10:28:58 [   DEBUG] Finished Request (remote_connection.py:358)
2023-03-23 10:28:58 [   DEBUG] POST http://localhost:52340/session/5bd8b7924d77defd0c7eae525ef1eea9/element/ab36e401-9916-435c-adc6-b456ae002153/click {"id": "ab36e401-9916-435c-adc6-b456ae002153"} (remote_connection.py:308)
2023-03-23 10:28:58 [   DEBUG] http://localhost:52340 "POST /session/5bd8b7924d77defd0c7eae525ef1eea9/element/ab36e401-9916-435c-adc6-b456ae002153/click HTTP/1.1" 200 14 (connectionpool.py:456)
2023-03-23 10:28:58 [   DEBUG] Remote response: status=200 | data={"value":null} | headers=HTTPHeaderDict({'Content-Length': '14', 'Content-Type': 'application/json; charset=utf-8', 'cache-control': 'no-cache'}) (remote_connection.py:330)
2023-03-23 10:28:58 [   DEBUG] Finished Request (remote_connection.py:358)
2023-03-23 10:28:58 [   DEBUG] POST http://localhost:52340/session/5bd8b7924d77defd0c7eae525ef1eea9/element {"using": "xpath", "value": "/html[1]/body[1]/div[1]/div[2]/div[1]"} (remote_connection.py:308)
2023-03-23 10:28:58 [   DEBUG] http://localhost:52340 "POST /session/5bd8b7924d77defd0c7eae525ef1eea9/element HTTP/1.1" 200 88 (connectionpool.py:456)
2023-03-23 10:28:58 [   DEBUG] Remote response: status=200 | data={"value":{"element-6066-11e4-a52e-4f735466cecf":"827d89de-54e5-4b1e-b793-1eb858c72fc7"}} | headers=HTTPHeaderDict({'Content-Length': '88', 'Content-Type': 'application/json; charset=utf-8', 'cache-control': 'no-cache'}) (remote_connection.py:330)
2023-03-23 10:28:58 [   DEBUG] Finished Request (remote_connection.py:358)
2023-03-23 10:28:58 [   DEBUG] POST http://localhost:52340/session/5bd8b7924d77defd0c7eae525ef1eea9/element {"using": "xpath", "value": "/html[1]/body[1]/div[1]/div[2]/div[1]"} (remote_connection.py:308)
2023-03-23 10:28:58 [   DEBUG] http://localhost:52340 "POST /session/5bd8b7924d77defd0c7eae525ef1eea9/element HTTP/1.1" 200 88 (connectionpool.py:456)
2023-03-23 10:28:58 [   DEBUG] Remote response: status=200 | data={"value":{"element-6066-11e4-a52e-4f735466cecf":"827d89de-54e5-4b1e-b793-1eb858c72fc7"}} | headers=HTTPHeaderDict({'Content-Length': '88', 'Content-Type': 'application/json; charset=utf-8', 'cache-control': 'no-cache'}) (remote_connection.py:330)
2023-03-23 10:28:58 [   DEBUG] Finished Request (remote_connection.py:358)
2023-03-23 10:29:00 [   DEBUG] DELETE http://localhost:52340/session/5bd8b7924d77defd0c7eae525ef1eea9/window {} (remote_connection.py:308)
2023-03-23 10:29:00 [   DEBUG] http://localhost:52340 "DELETE /session/5bd8b7924d77defd0c7eae525ef1eea9/window HTTP/1.1" 200 12 (connectionpool.py:456)
2023-03-23 10:29:00 [   DEBUG] Remote response: status=200 | data={"value":[]} | headers=HTTPHeaderDict({'Content-Length': '12', 'Content-Type': 'application/json; charset=utf-8', 'cache-control': 'no-cache'}) (remote_connection.py:330)
2023-03-23 10:29:00 [   DEBUG] Finished Request (remote_connection.py:358)
